// Jest Snapshot v1, https://goo.gl/fbAQLP

exports[`__tests__ Items should render my Items component 1`] = `
Array [
  <React.Fragment>
    <Styled(MuiBox)
      width="75%"
    >
      <EmptySearch />
    </Styled(MuiBox)>
  </React.Fragment>,
]
`;
