// Jest Snapshot v1, https://goo.gl/fbAQLP

exports[`tests Search should render my Item component 1`] = `
Array [
  <React.Fragment>
    <Loading />
  </React.Fragment>,
]
`;
