// Jest Snapshot v1, https://goo.gl/fbAQLP

exports[`__tests__ Layout should render my Layout component 1`] = `
Array [
  <React.Fragment>
    <Memo(HeadSeo) />
    <WithStyles(CssBaseline) />
    <Memo(Header) />
    <main
      className="main"
    />
  </React.Fragment>,
]
`;
