// Jest Snapshot v1, https://goo.gl/fbAQLP

exports[`__tests__ Loading should render my Loading component 1`] = `
Array [
  <div
    className="loadingContainer"
  >
    <WithStyles(ForwardRef(CircularProgress))
      size={40}
    />
  </div>,
]
`;
